---
source: src/compiler/tests.rs
expression: chunk
---
0000 <0, 0> CONST    0 '123'

