---
source: src/reader.rs
expression: sexpr
---
Int(12)
