---
source: src/reader.rs
expression: sexpr
---
'a'
