---
source: src/reader.rs
expression: sexpr
---
(InternedString(+) . ((InternedString(%) . (Int(5) . (Int(3) . Nil))) . (Int(1) . (Int(2) . Nil))))
