---
source: src/parser/reader/tests.rs
expression: sexpr
---
(InternedString(+) . (1 . (2 . Nil)))
