---
source: src/parser/reader/tests.rs
expression: sexpr
---
12.2
