---
source: src/parser/reader/tests.rs
expression: sexpr
---
(InternedString(+) . ((InternedString(%) . (5 . (3 . Nil))) . (1 . (2 . Nil))))
