---
source: src/parser/reader/tests.rs
expression: sexpr
---
InternedString(Hello, world!)
