---
source: src/reader.rs
expression: sexpr
---
Rational(Ratio { numer: 6, denom: 1 })
