---
source: src/syntax/reader/read.rs
expression: root.unwrap()
---
Root @ 0..9
  Pair @ 7..8
    head:
      Atom @ 1..2
        Number(1)
    tail:
      Pair @ 7..8
        head:
          Atom @ 3..4
            Number(2)
        tail:
          Atom @ 7..8
            Number(3)
