---
source: src/syntax/reader/read.rs
expression: root.unwrap()
---
Root @ 0..2
  Atom @ 0..2
    Number(42)
