---
source: src/reader.rs
expression: sexpr
---
false
