---
source: src/reader.rs
expression: sexpr
---
(InternedString(+) . (Int(1) . (Int(2) . Nil)))
