---
source: src/parser/reader/tests.rs
expression: sexpr
---
'a'
