---
source: src/parser/reader/tests.rs
expression: sexpr
---
Ratio { numer: 6, denom: 1 }
