---
source: src/reader.rs
expression: sexpr
---
Float(12.2)
