---
source: src/reader.rs
expression: sexpr
---
InternedString(foo)
